gpasm-0.10.1 alpha              C:\Documents and Settings\Administrator\My Documents/PIC Development Studio projects/Matrix Demo/Matrix Demo.asm10-2-2007  17:26:06          PAGE  1


LOC  OBJECT CODE     LINE SOURCE TEXT
  VALUE
 
               00001 ; Template file for PIC16F84 (pic16f84 template.asm)
               00002 ;                ________
               00003 ;               |        |
               00004 ;             <-| A0  B0 |-< 
               00005 ;             <-| A1  B1 |-< 
               00006 ;             <-| A2  B2 |-< 
               00007 ;             <-| A3  B3 |-<
               00008 ;             <-| A4  B4 |-< 
               00009 ;               |     B5 |-<
               00010 ;               |     B6 |-<
               00011 ;               |     B7 |-<
               00012 ;               |________|
               00013 ;
               00014 
  00000001     00015 r               equ     0x01
  00000000     00016 w               equ     0x00
               00017 
  00000000     00018 c               equ     0x00
  00000001     00019 dc              equ     0x01
  00000002     00020 z               equ     0x02
  00000005     00021 RP0             equ     0x05
               00022 
               00023 ; Special function register in Bank 0
  00000000     00024 INDF            equ     0x00
  00000001     00025 TMR0            equ     0x01
  00000003     00026 Status          equ     0x03
  00000004     00027 FSR             equ     0x04
  00000005     00028 PortA           equ     0x05
  00000006     00029 PortB           equ     0x06
  0000000B     00030 Intcon          equ     0x0B
               00031 
               00032 ; Special function register in Bank 1
  00000001     00033 OptionR         equ     0x01
  00000005     00034 TrisA           equ     0x05
  00000006     00035 TrisB           equ     0x06
               00036 
               00037 ; Interrupt bits
  00000007     00038 GIE             equ     7       ;Global Interrupt enabled/disable
  00000004     00039 INTE            equ     4       ;RB0 interrupten enabled/disable
  00000001     00040 INTF            equ     1       ;RB0 interrupten has occured
  00000005     00041 T0IE            equ     5       ;TMR0 int enabled/disable
  00000002     00042 T0IF            equ     2       ;TMR0 int has occured
               00043 
               00044 ; EEPROM registers
  00000008     00045 EEcon1          equ     0x08    ;EEPROM control register 1
  00000009     00046 EEcon2          equ     0x09    ;EEPROM control register 1
  00000008     00047 EEdata          equ     0x08    ;EEPROM data register
  00000009     00048 EEadr           equ     0x09    ;EEPROM address register
               00049 
               00050 ; EEProm bits
  00000000     00051 RD              equ     0x00
  00000001     00052 WR              equ     0x01
  00000002     00053 WREN            equ     0x02
               00054 
gpasm-0.10.1 alpha              C:\Documents and Settings\Administrator\My Documents/PIC Development Studio projects/Matrix Demo/Matrix Demo.asm10-2-2007  17:26:06          PAGE  2


LOC  OBJECT CODE     LINE SOURCE TEXT
  VALUE
 
               00055 ; File registers
  0000000C     00056 w_temp          equ     0x0C    ; register used in interrupt handling
  0000000D     00057 status_temp     equ     0x0D
               00058 
               00059 ;       STATUS REGISTER BITS
               00060         #DEFINE CARRY   0X03,0                   ;CARRY FLAG
               00061         #DEFINE DCARRY  0X03,1                   ;DECIMAL CARRY FLAG
               00062         #DEFINE ZERO    0X03,2                   ;ZERO FLAG
               00063         #DEFINE RPAGE   0X03,5                   ;REGISTER PAGE SELECT
               00064 
               00065         #DEFINE COL     0030                    
               00066 
               00067         #DEFINE ROW     0031
               00068         #DEFINE DELAY0  0032                    ;PAGE 0  DELAY LOOP COUNTER
               00069         #DEFINE DELAY1  0033                    ;PAGE 0  DELAY LOOP COUNTER
               00070         #DEFINE DELAY2  0034                    ;PAGE 0  DELAY LOOP COUNTER
               00071         #DEFINE RESULT  0035
               00072 
               00073 ;-------------------------------------------------------------------------------
               00074 
Warning [205] : Found directive in column 1.
0000           00075 org     0x00
0000 2820      00076         goto    init
               00077 
               00078 ;-------------------------------------------------------------------------------
               00079 ; Interrupt handling
               00080 ;-------------------------------------------------------------------------------
Warning [205] : Found directive in column 1.
0004           00081 org     0x04
               00082 
0004 008C      00083 push    movwf   w_temp                  ;save w & status 
0005 0E03      00084         swapf   Status,W
0006 008D      00085         movwf   status_temp
               00086         
               00087 
0007 0E0D      00088 pop     swapf   status_temp,W           ; restore w & status
0008 0083      00089         movwf   Status
0009 0E8C      00090         swapf   w_temp, r
000A 0E0C      00091         swapf   w_temp, W
000B 0009      00092         retfie
               00093 
               00094 
               00095 ;-------------------------------------------------------------------------------
               00096 ; Init code
               00097 ;-------------------------------------------------------------------------------
Warning [205] : Found directive in column 1.
0020           00098 org     0x20
               00099 
0020 1683      00100 init    bsf     Status,RP0
0021 30F0      00101         movlw   b'11110000'             ;configure PortB
0022 0086      00102         movwf   TrisB
0023 3000      00103         movlw   b'00000000'             ;configure PortA
0024 0085      00104         movwf   TrisA
0025 1283      00105         bcf     Status,RP0
gpasm-0.10.1 alpha              C:\Documents and Settings\Administrator\My Documents/PIC Development Studio projects/Matrix Demo/Matrix Demo.asm10-2-2007  17:26:06          PAGE  3


LOC  OBJECT CODE     LINE SOURCE TEXT
  VALUE
 
               00106 
0026 2827      00107         goto    main
               00108 
               00109 ;------------------------------------------------------------------------------
               00110 ; Main loop
               00111 ;------------------------------------------------------------------------------
               00112 
0027 0000      00113 main    nop
               00114 
0028 3001      00115         movlw   0x01
0029 0086      00116         movwf   PortB
002A 00B1      00117         movwf   ROW
               00118 ;       call    PAUSE
002B 0E06      00119         swapf   PortB,0
002C 3907      00120         andlw   0x07
002D 1D03      00121         btfss   ZERO
002E 2847      00122         goto    hit
               00123 
002F 3002      00124         movlw   0x02
0030 0086      00125         movwf   PortB
Message [305] : Using default destination of 1 (file).
0031 0AB1      00126         incf    ROW
               00127 ;       call    PAUSE
0032 0E06      00128         swapf   PortB,0
0033 3907      00129         andlw   0x07
0034 1D03      00130         btfss   ZERO
0035 2847      00131         goto    hit
               00132 
0036 3004      00133         movlw   0x04
0037 0086      00134         movwf   PortB
Message [305] : Using default destination of 1 (file).
0038 0AB1      00135         incf    ROW
               00136 ;       call    PAUSE
0039 0E06      00137         swapf   PortB,0
003A 3907      00138         andlw   0x07
003B 1D03      00139         btfss   ZERO
003C 2847      00140         goto    hit
               00141 
003D 3008      00142         movlw   0x08
003E 0086      00143         movwf   PortB
Message [305] : Using default destination of 1 (file).
003F 0AB1      00144         incf    ROW
               00145 ;       call    PAUSE
0040 0E06      00146         swapf   PortB,0
0041 3907      00147         andlw   0x07
0042 1D03      00148         btfss   ZERO
0043 2847      00149         goto    hit
               00150 
0044 3000      00151         movlw   0x00
0045 0086      00152         movwf   PortB
               00153 
0046 2827      00154         goto    main
               00155 
0047 00B0      00156 hit     movwf   COL
gpasm-0.10.1 alpha              C:\Documents and Settings\Administrator\My Documents/PIC Development Studio projects/Matrix Demo/Matrix Demo.asm10-2-2007  17:26:06          PAGE  4


LOC  OBJECT CODE     LINE SOURCE TEXT
  VALUE
 
Message [305] : Using default destination of 1 (file).
0048 0BB1      00157         decfsz  ROW
0049 284B      00158         goto    hit1
004A 286F      00159         goto    row1
Message [305] : Using default destination of 1 (file).
004B 0BB1      00160 hit1    decfsz  ROW
004C 284E      00161         goto    hit2
004D 2862      00162         goto    row2
Message [305] : Using default destination of 1 (file).
004E 0BB1      00163 hit2    decfsz  ROW
004F 2851      00164         goto    row4
0050 2855      00165         goto    row3
0051 1CB0      00166 row4    btfss   COL,1
0052 287C      00167         goto    numnul
0053 01B5      00168         clrf    RESULT
0054 287F      00169         goto    show
0055 1830      00170 row3    btfsc   COL,0
0056 285F      00171         goto    num7
0057 18B0      00172         btfsc   COL,1
0058 285C      00173         goto    num8
0059 3009      00174         movlw   0x09
005A 00B5      00175         movwf   RESULT
005B 287F      00176         goto    show
005C 3008      00177 num8    movlw   0x08
005D 00B5      00178         movwf   RESULT
005E 287F      00179         goto    show
005F 3007      00180 num7    movlw   0x07
0060 00B5      00181         movwf   RESULT
0061 287F      00182         goto    show
0062 1830      00183 row2    btfsc   COL,0
0063 286C      00184         goto    num4
0064 18B0      00185         btfsc   COL,1
0065 2869      00186         goto    num5
0066 3006      00187         movlw   0x06
0067 00B5      00188         movwf   RESULT
0068 287F      00189         goto    show
0069 3005      00190 num5    movlw   0x05
006A 00B5      00191         movwf   RESULT
006B 287F      00192         goto    show
006C 3004      00193 num4    movlw   0x04
006D 00B5      00194         movwf   RESULT
006E 287F      00195         goto    show
006F 1830      00196 row1    btfsc   COL,0
0070 2879      00197         goto    num1
0071 18B0      00198         btfsc   COL,1
0072 2876      00199         goto    num2
0073 3003      00200         movlw   0x03
0074 00B5      00201         movwf   RESULT
0075 287F      00202         goto    show
0076 3002      00203 num2    movlw   0x02
0077 00B5      00204         movwf   RESULT
0078 287F      00205         goto    show
0079 3001      00206 num1    movlw   0x01
007A 00B5      00207         movwf   RESULT
gpasm-0.10.1 alpha              C:\Documents and Settings\Administrator\My Documents/PIC Development Studio projects/Matrix Demo/Matrix Demo.asm10-2-2007  17:26:06          PAGE  5


LOC  OBJECT CODE     LINE SOURCE TEXT
  VALUE
 
007B 287F      00208         goto    show
007C 30FF      00209 numnul  movlw   0xff
007D 00B5      00210         movwf   RESULT
007E 2827      00211         goto    main
               00212 
007F 0835      00213 show    movf    RESULT,0
0080 0085      00214         movwf   PortA
0081 1205      00215         bcf     PortA,4
0082 0000      00216         nop
0083 0000      00217         nop
0084 1605      00218         bsf     PortA,4
0085 2827      00219         goto    main
               00220 
               00221 ;
               00222 ;PAUSE2 GIVES LONG DELAY BY LOOPING 40 TIMES callING PAUSE1 EACH TIME
               00223 ;
0086 3080      00224 PAUSE2  movlw   0x80
0087 00B4      00225         movwf   DELAY2                          ;TO DELAY2 REGISTER
0088 208C      00226 DEL2LP  call    PAUSE1                          ;call SECOND LOOP
0089 0BB4      00227         decfsz  DELAY2, 1                       ;DECREMENT SAMPLE PULSE COUNT
008A 2888      00228         goto    DEL2LP                          ;AND LOOP UNTIL IT IS ZERO
008B 0008      00229         return
               00230 ;
               00231 ;PAUSE1 GIVES MEDIUM DELAY BY LOOPING 80 TIMES callING PAUSE EACH TIME
               00232 ;
008C 3040      00233 PAUSE1  movlw   0x40                            ;MOVE SET UP PAUSE DELAY
008D 00B3      00234         movwf   DELAY1                          ;TO DELAY1 REGISTER
008E 2092      00235 DEL1LP  call    PAUSE                           ;call SECOND LOOP
008F 0BB3      00236         decfsz  DELAY1, 1                       ;DECREMENT SAMPLE PULSE COUNT
0090 288E      00237         goto    DEL1LP                          ;AND LOOP UNTIL IT IS ZERO
0091 0008      00238         return
               00239 ;
               00240 ;PAUSE GIVES SHORT DELAY BY LOOPING 80 TIMES
               00241 ;
0092 3020      00242 PAUSE   movlw   0x20                            ;MOVE SET UP PAUSE DELAY
               00243   
0093 00B2      00244         movwf   DELAY0                          ;TO DELAY0 REGISTER
0094 0BB2      00245 DELLP   decfsz  DELAY0, 1                       ;DECREMENT SAMPLE PULSE COUNT
0095 2894      00246         goto    DELLP                           ;AND LOOP UNTIL IT IS ZERO
0096 0008      00247         return             
               00248         
               00249 ;-----------------------------------------------------------------------------
               00250 
gpasm-0.10.1 alpha              C:\Documents and Settings\Administrator\My Documents/PIC Development Studio projects/Matrix Demo/Matrix Demo.asm10-2-2007  17:26:06          PAGE  6


SYMBOL TABLE
  LABEL                             VALUE 

DEL1LP                            0000008E
DEL2LP                            00000088
DELLP                             00000094
EEadr                             00000009
EEcon1                            00000008
EEcon2                            00000009
EEdata                            00000008
FSR                               00000004
GIE                               00000007
INDF                              00000000
INTE                              00000004
INTF                              00000001
Intcon                            0000000B
OptionR                           00000001
PAUSE                             00000092
PAUSE1                            0000008C
PAUSE2                            00000086
PortA                             00000005
PortB                             00000006
RD                                00000000
RP0                               00000005
Status                            00000003
T0IE                              00000005
T0IF                              00000002
TMR0                              00000001
TrisA                             00000005
TrisB                             00000006
WR                                00000001
WREN                              00000002
__16F84                           00000001
c                                 00000000
dc                                00000001
hit                               00000047
hit1                              0000004B
hit2                              0000004E
init                              00000020
main                              00000027
num1                              00000079
num2                              00000076
num4                              0000006C
num5                              00000069
num7                              0000005F
num8                              0000005C
numnul                            0000007C
pop                               00000007
push                              00000004
r                                 00000001
row1                              0000006F
row2                              00000062
row3                              00000055
row4                              00000051
show                              0000007F
status_temp                       0000000D
gpasm-0.10.1 alpha              C:\Documents and Settings\Administrator\My Documents/PIC Development Studio projects/Matrix Demo/Matrix Demo.asm10-2-2007  17:26:06          PAGE  7


LOC  OBJECT CODE     LINE SOURCE TEXT
  VALUE
 
w                                 00000000
w_temp                            0000000C
z                                 00000002
CARRY                             0X03,0                   
COL                               0030                    
DCARRY                            0X03,1                   
DELAY0                            0032                    
DELAY1                            0033                    
DELAY2                            0034                    
RESULT                            0035
ROW                               0031
RPAGE                             0X03,5                   
ZERO                              0X03,2                   


MEMORY USAGE MAP ('X' = Used,  '-' = Unused)

0000 : X---XXXXXXXX---- ---------------- XXXXXXXXXXXXXXXX XXXXXXXXXXXXXXXX
0040 : XXXXXXXXXXXXXXXX XXXXXXXXXXXXXXXX XXXXXXXXXXXXXXXX XXXXXXXXXXXXXXXX
0080 : XXXXXXXXXXXXXXXX XXXXXXX--------- ---------------- ----------------

All other memory blocks unused.

Program Memory Words Used: 128


Errors   :       0
Warnings :       3 reported,       0 suppressed
Messages :       6 reported,       0 suppressed

